LTspice 26.0.0 for Windows
Circuit: C:\Users\dakar\Desktop\Work\DYPLOM\VLC-OWC-RF-system-for-IoT\Concept Level\Nadajnik_SIM.net
Start Time: Mon May 18 14:50:42 2026
Options:GMIN=100f
solver = Alternate
Maximum thread count: 8
tnom = 27
temp = 27
method = trap
gmin = 1e-13
Direct Newton iteration failed to find operating point.
Starting Gmin stepping
Gmin stepping failed to find operating point. Use".option gminsteps=0" to skip all Gmin stepping.
Starting source stepping with srcstepmethod=0
Starting source stepping with srcstepmethod=1
Source stepping succeeded in finding the operating point.

Total elapsed time: 0.525 seconds.

Files loaded:
C:\Users\dakar\Desktop\Work\DYPLOM\VLC-OWC-RF-system-for-IoT\Concept Level\Nadajnik_SIM.net
C:\Users\dakar\AppData\Local\LTspice\lib\cmp\standard.dio
C:\Users\dakar\Desktop\Work\DYPLOM\VLC-OWC-RF-system-for-IoT\Concept Level\irlz44n.spi
C:\Users\dakar\Desktop\Work\DYPLOM\VLC-OWC-RF-system-for-IoT\Concept Level\TC4427_Rev1_SPICE_Nodel.MOD

